// Jest Snapshot v1, https://goo.gl/fbAQLP

exports[`matches snapshot 1`] = `
<DocumentFragment>
  <div
    class="App"
  >
    <div>
      <form>
        <label
          for="width"
        >
          Width:
        </label>
        <input
          id="width"
          name="width"
          type="text"
          value=""
        />
        <label
          for="height"
        >
          Height:
        </label>
        <input
          id="height"
          name="height"
          type="text"
          value=""
        />
        <label
          for="backgroundColor"
        >
          Background Color:
        </label>
        <input
          id="backgroundColor"
          name="backgroundColor"
          type="text"
          value=""
        />
        <button
          type="submit"
        >
          Add Box
        </button>
      </form>
      <div />
    </div>
  </div>
</DocumentFragment>
`;
